     1                                  ;Mamadou Kaba
     2                                  ;February 25,2021
     3                                  
     4                                  section .data
     5                                  
     6 00000000 0200                    mick  dw 2; define one word (2 bytes) of data
     7 00000002 0300                    keith dw 3; define another word of data with value 3
     8                                  
     9                                  section .bss
    10                                  
    11                                  section .text
    12                                  	global _start
    13                                  
    14                                  _start:
    15 00000000 66A1[00000000]          	mov ax, [mick]; store contents of memory word at location mick into  into the ax register
    16                                  
    17 00000006 668B1D[02000000]        ron:    mov bx,[keith];	store contents of memory word at location keith into the bx register
    18 0000000D 6601D8                  	add ax,bx;	 ax = ax + bx contents of register bx is added to the original contents of register ax and the result is stored in register ax (overwriting the original content)
    19 00000010 B801000000              	mov eax,1;	 The system call for exit(sys_exit)
    20 00000015 BB00000000              	mov ebx,0;	 Exit with return code of 0(no error)
    21 0000001A CD80                    	int 80h
